baseline cheap...
  step=0 KEEP mrr=0.6458 p@1=0.5 ranks=[1, 3, 1, 4]
  step=0 graff baseline...
           graff score=100 calls=25 in=370166
  step=1 discard mrr=0.6458 p@1=0.5 ranks=[1, 3, 1, 4]
  step=2 discard mrr=0.0 p@1=0.0 ranks=[None, None, None, None]
  step=3 discard mrr=0.0 p@1=0.0 ranks=[None, None, None, None]
  step=4 discard mrr=0.6458 p@1=0.5 ranks=[1, 3, 1, 4]
  step=5 discard mrr=0.6458 p@1=0.5 ranks=[1, 3, 1, 4]
  step=6 discard mrr=0.05 p@1=0.0 ranks=[None, 5, None, None]
  step=7 KEEP mrr=0.6667 — graff confirm...
           graff score=100 calls=23 in=357422
  step=8 discard mrr=0.6667 p@1=0.5 ranks=[1, 3, 1, 3]
  step=9 discard mrr=0.6667 p@1=0.5 ranks=[1, 3, 1, 3]
  step=10 discard mrr=0.6667 p@1=0.5 ranks=[1, 3, 1, 3]
  step=11 discard mrr=0.0 p@1=0.0 ranks=[None, None, None, None]
  step=12 discard mrr=0.6667 p@1=0.5 ranks=[1, 3, 1, 3]
  step=13 discard mrr=0.0 p@1=0.0 ranks=[None, None, None, None]
  step=14 discard mrr=0.0 p@1=0.0 ranks=[None, None, None, None]
  step=15 discard mrr=0.6667 p@1=0.5 ranks=[1, 3, 1, 3]
  step=16 discard mrr=0.5417 p@1=0.25 ranks=[2, 3, 1, 3]
  step=17 discard mrr=0.6458 p@1=0.5 ranks=[1, 3, 1, 4]
  step=18 discard mrr=0.6667 p@1=0.5 ranks=[1, 3, 1, 3]
  step=19 discard mrr=0.5833 p@1=0.25 ranks=[2, 1, 2, 3]
  step=20 discard mrr=0.6667 p@1=0.5 ranks=[1, 3, 1, 3]
  step=21 discard mrr=0.6667 p@1=0.5 ranks=[1, 3, 1, 3]
  step=22 discard mrr=0.5417 p@1=0.25 ranks=[2, 3, 1, 3]
  step=23 discard mrr=0.6667 p@1=0.5 ranks=[1, 3, 1, 3]
  step=24 discard mrr=0.0 p@1=0.0 ranks=[None, None, None, None]
  step=25 discard mrr=0.5417 p@1=0.25 ranks=[2, 3, 1, 3]
  step=26 discard mrr=0.0 p@1=0.0 ranks=[None, None, None, None]
  step=27 discard mrr=0.6458 p@1=0.5 ranks=[1, 3, 1, 4]
  step=28 discard mrr=0.6458 p@1=0.5 ranks=[1, 3, 1, 4]
  step=29 KEEP mrr=0.8333 — graff confirm...
           graff score=100 calls=20 in=434916
  step=30 discard mrr=0.8125 p@1=0.75 ranks=[1, 1, 1, 4]
  step=31 discard mrr=0.6667 p@1=0.5 ranks=[1, 3, 1, 3]
  step=32 discard mrr=0.8333 p@1=0.75 ranks=[1, 1, 1, 3]
  step=33 discard mrr=0.0833 p@1=0.0 ranks=[None, 3, None, None]
  step=34 discard mrr=0.8333 p@1=0.75 ranks=[1, 1, 1, 3]
  step=35 discard mrr=0.6667 p@1=0.5 ranks=[1, 3, 1, 3]
  step=36 discard mrr=0.7083 p@1=0.5 ranks=[1, 2, 1, 3]
  step=37 discard mrr=0.8333 p@1=0.75 ranks=[1, 1, 1, 3]
  step=38 discard mrr=0.6667 p@1=0.5 ranks=[1, 3, 1, 3]
  step=39 discard mrr=0.8125 p@1=0.75 ranks=[1, 1, 1, 4]
  step=40 discard mrr=0.8125 p@1=0.75 ranks=[1, 1, 1, 4]
  step=41 discard mrr=0.8333 p@1=0.75 ranks=[1, 1, 1, 3]
  step=42 discard mrr=0.8333 p@1=0.75 ranks=[1, 1, 1, 3]
  step=43 discard mrr=0.0833 p@1=0.0 ranks=[None, 3, None, None]
  step=44 discard mrr=0.5833 p@1=0.25 ranks=[2, 1, 2, 3]
  step=45 discard mrr=0.6667 p@1=0.5 ranks=[1, 3, 1, 3]
  step=46 discard mrr=0.8333 p@1=0.75 ranks=[1, 1, 1, 3]
  step=47 discard mrr=0.8125 p@1=0.75 ranks=[1, 1, 1, 4]
  step=48 discard mrr=0.8125 p@1=0.75 ranks=[1, 1, 1, 4]
  step=49 discard mrr=0.6667 p@1=0.5 ranks=[1, 3, 1, 3]
  step=50 discard mrr=0.6667 p@1=0.5 ranks=[1, 3, 1, 3]
wrote /Users/rachpradhan/codedb/experiments/openclaw-graff/hillclimb.jsonl
best {"CODEDB_CONTEXT_PHRASE": "1", "CODEDB_CONTEXT_PHRASE_BOOST": "2", "CODEDB_CONTEXT_IDENT_SYMBOLS": "1", "CODEDB_CONTEXT_MAX_CANDIDATES": "7", "CODEDB_CONTEXT_TOP_FILES": "8", "CODEDB_CONTEXT_DEMOTE_TESTS": "1"} mrr=0.8333
