baseline cheap (openclaw+react)...
  step=0 KEEP mean=0.4896 min=0.3333 oc={'mrr': 0.6458, 'p_at_1': 0.5, 'hits': 4, 'ranks': [1, 3, 1, 4]} react={'mrr': 0.3333, 'p_at_1': 0.0, 'hits': 4, 'ranks': [4, 2, 4, 3]}
  step=0 graff baseline (both suites)...
           graff openclaw...
           graff react...
           graff score=75 calls=28 in=419700
  step=1 discard mean=0.4271 min=0.3333 oc=0.5208[2, 3, 1, 4] react=0.3333[4, 2, 4, 3]
  step=2 cheap-up mean=0.5729 min=0.3333 — graff...
           graff openclaw...
           graff react...
           discard-calls score=50 calls=41 (best=28)
  step=3 discard mean=0.4271 min=0.3333 oc=0.5208[2, 3, 1, 4] react=0.3333[4, 2, 4, 3]
  step=4 cheap-up mean=0.5834 min=0.5 — graff...
           graff openclaw...
           graff react...
           discard-calls score=75 calls=29 (best=28)
  step=5 cheap-up mean=0.5729 min=0.3333 — graff...
           graff openclaw...
           graff react...
           KEEP calls 26 score=75
  step=6 discard mean=0.025 min=0.0 oc=0.05[None, 5, None, None] react=0.0[None, None, None, None]
  step=7 discard mean=0.4271 min=0.3333 oc=0.5208[2, 3, 1, 4] react=0.3333[4, 2, 4, 3]
  step=8 discard mean=0.5104 min=0.3333 oc=0.6875[2, 1, 1, 4] react=0.3333[4, 2, 4, 3]
  step=9 discard mean=0.025 min=0.0 oc=0.05[None, 5, None, None] react=0.0[None, None, None, None]
  step=10 discard mean=0.5104 min=0.3333 oc=0.6875[1, 2, 1, 4] react=0.3333[4, 2, 4, 3]
  step=11 discard mean=0.5104 min=0.3333 oc=0.6875[2, 1, 1, 4] react=0.3333[4, 2, 4, 3]
  step=12 discard mean=0.4896 min=0.3333 oc=0.6458[1, 3, 1, 4] react=0.3333[4, 2, 4, 3]
  step=13 discard mean=0.6041 min=0.5 oc=0.7083[1, 2, 1, 3] react=0.5[3, 1, 3, 3]
  step=14 cheap-up mean=0.6666 min=0.5 — graff...
           graff openclaw...
           graff react...
           KEEP calls 25 score=75
  step=15 discard mean=0.5729 min=0.3333 oc=0.8125[1, 1, 1, 4] react=0.3333[4, 2, 4, 3]
  step=16 discard mean=0.6666 min=0.5 oc=0.8333[1, 1, 1, 3] react=0.5[3, 1, 3, 3]
  step=17 discard mean=0.5209 min=0.5 oc=0.5417[3, 1, 2, 3] react=0.5[3, 1, 3, 3]
  step=18 discard mean=0.0416 min=0.0 oc=0.0833[None, 3, None, None] react=0.0[None, None, None, None]
  step=19 discard mean=0.0312 min=0.0 oc=0.0625[None, 4, None, None] react=0.0[None, None, None, None]
  step=20 discard mean=0.5834 min=0.5 oc=0.6667[1, 3, 1, 3] react=0.5[3, 1, 3, 3]
  step=21 discard mean=0.6041 min=0.5 oc=0.7083[2, 1, 1, 3] react=0.5[3, 1, 3, 3]
  step=22 discard mean=0.6666 min=0.5 oc=0.8333[1, 1, 1, 3] react=0.5[3, 1, 3, 3]
  step=23 discard mean=0.6666 min=0.5 oc=0.8333[1, 1, 1, 3] react=0.5[3, 1, 3, 3]
  step=24 discard mean=0.5209 min=0.5 oc=0.5417[2, 3, 1, 3] react=0.5[3, 1, 3, 3]
  step=25 discard mean=0.5104 min=0.3333 oc=0.6875[1, 2, 1, 4] react=0.3333[4, 2, 4, 3]
  step=26 discard mean=0.5416 min=0.5 oc=0.5833[2, 1, 2, 3] react=0.5[3, 1, 3, 3]
  step=27 discard mean=0.5834 min=0.5 oc=0.6667[1, 3, 1, 3] react=0.5[3, 1, 3, 3]
  step=28 discard mean=0.6041 min=0.5 oc=0.7083[1, 2, 1, 3] react=0.5[3, 1, 3, 3]
  step=29 discard mean=0.0416 min=0.0 oc=0.0833[None, 3, None, None] react=0.0[None, None, None, None]
  step=30 discard mean=0.6041 min=0.5 oc=0.7083[2, 1, 1, 3] react=0.5[3, 1, 3, 3]
  step=31 discard mean=0.5729 min=0.3333 oc=0.8125[1, 1, 1, 4] react=0.3333[4, 2, 4, 3]
  step=32 discard mean=0.6666 min=0.5 oc=0.8333[1, 1, 1, 3] react=0.5[3, 1, 3, 3]
  step=33 discard mean=0.5416 min=0.5 oc=0.5833[2, 2, 1, 3] react=0.5[3, 1, 3, 3]
  step=34 discard mean=0.0416 min=0.0 oc=0.0833[None, 3, None, None] react=0.0[None, None, None, None]
  step=35 discard mean=0.6666 min=0.5 oc=0.8333[1, 1, 1, 3] react=0.5[3, 1, 3, 3]
  step=36 discard mean=0.6041 min=0.5 oc=0.7083[2, 1, 1, 3] react=0.5[3, 1, 3, 3]
  step=37 discard mean=0.0416 min=0.0 oc=0.0833[None, 3, None, None] react=0.0[None, None, None, None]
  step=38 discard mean=0.5834 min=0.5 oc=0.6667[1, 3, 1, 3] react=0.5[3, 1, 3, 3]
  step=39 discard mean=0.6666 min=0.5 oc=0.8333[1, 1, 1, 3] react=0.5[3, 1, 3, 3]
  step=40 discard mean=0.5416 min=0.5 oc=0.5833[2, 1, 2, 3] react=0.5[3, 1, 3, 3]
  step=41 discard mean=0.5209 min=0.5 oc=0.5417[3, 1, 2, 3] react=0.5[3, 1, 3, 3]
  step=42 discard mean=0.0416 min=0.0 oc=0.0833[None, 3, None, None] react=0.0[None, None, None, None]
  step=43 discard mean=0.5104 min=0.3333 oc=0.6875[1, 2, 1, 4] react=0.3333[4, 2, 4, 3]
  step=44 discard mean=0.5416 min=0.5 oc=0.5833[2, 1, 2, 3] react=0.5[3, 1, 3, 3]
  step=45 discard mean=0.6666 min=0.5 oc=0.8333[1, 1, 1, 3] react=0.5[3, 1, 3, 3]
  step=46 discard mean=0.5834 min=0.5 oc=0.6667[1, 3, 1, 3] react=0.5[3, 1, 3, 3]
  step=47 discard mean=0.6041 min=0.5 oc=0.7083[1, 2, 1, 3] react=0.5[3, 1, 3, 3]
  step=48 discard mean=0.5729 min=0.3333 oc=0.8125[1, 1, 1, 4] react=0.3333[4, 2, 4, 3]
  step=49 discard mean=0.5729 min=0.3333 oc=0.8125[1, 1, 1, 4] react=0.3333[4, 2, 4, 3]
  step=50 discard mean=0.5209 min=0.5 oc=0.5417[2, 3, 1, 3] react=0.5[3, 1, 3, 3]
wrote /Users/rachpradhan/codedb/experiments/cross-repo-graff/hillclimb.jsonl
best {"CODEDB_CONTEXT_PHRASE": "1", "CODEDB_CONTEXT_PHRASE_BOOST": "2", "CODEDB_CONTEXT_IDENT_SYMBOLS": "1", "CODEDB_CONTEXT_MAX_CANDIDATES": "9", "CODEDB_CONTEXT_TOP_FILES": "5", "CODEDB_CONTEXT_DEMOTE_TESTS": "1", "CODEDB_CONTEXT_COVERAGE_BOOST": "0"} mean=0.6666 calls=25
